#-----------------------------------------------------------
# Vivado v2021.2 (64-bit)
# SW Build 3367213 on Tue Oct 19 02:48:09 MDT 2021
# IP Build 3369179 on Thu Oct 21 08:25:16 MDT 2021
# Start of session at: Fri Nov  3 07:46:16 2023
# Process ID: 6440
# Current directory: H:/AES-Implementation/src/project_1
# Command line: vivado.exe -gui_launcher_event rodinguilauncherevent15616 H:\AES-Implementation\src\project_1\project_1.xpr
# Log file: H:/AES-Implementation/src/project_1/vivado.log
# Journal file: H:/AES-Implementation/src/project_1\vivado.jou
# Running On: ARM144-03, OS: Windows, CPU Frequency: 2112 MHz, CPU Physical cores: 12, Host memory: 34050 MB
#-----------------------------------------------------------
start_gui
open_project -part xc7a12ticsg325-1L H:/AES-Implementation/src/project_1/project_1.xpr
update_compile_order -fileset sources_1
save_project_as project_v2 H:/AES-Implementation/src/project_v2 -force
launch_simulation
source AEStb.tcl
close_sim
launch_simulation
source AEStb.tcl
close_sim
launch_simulation
source AEStb.tcl
relaunch_sim
close_sim
launch_simulation
source AEStb.tcl
close_sim
launch_simulation
source AEStb.tcl
close_sim
# Disabling source management mode.  This is to allow the top design properties to be set without GUI intervention.
set_property source_mgmt_mode None [current_project]
set_property top AESmain [current_fileset]
# Re-enabling previously disabled source management mode.
set_property source_mgmt_mode All [current_project]
update_compile_order -fileset sources_1
launch_simulation
source AEStb.tcl
close_sim
